// Jest Snapshot v1, https://goo.gl/fbAQLP

exports[`поведение компонента bookmark-view нет изменений в разметке, по сравнению с прошлым тестом 1`] = `
<div>
  <form
    action="#"
    class="reviews__form form"
    method="post"
  >
    <label
      class="reviews__label form__label"
      for="review"
    >
      Your review
    </label>
    <div
      class="reviews__rating-form form__rating"
    >
      <input
        class="form__rating-input visually-hidden"
        disabled=""
        id="5-stars"
        name="rating"
        type="radio"
        value="5"
      />
      <label
        class="reviews__rating-label form__rating-label"
        for="5-stars"
        title="perfect"
      >
        <svg
          class="form__star-image"
          height="33"
          width="37"
        >
          <use
            xlink:href="#icon-star"
          />
        </svg>
      </label>
      <input
        class="form__rating-input visually-hidden"
        disabled=""
        id="4-stars"
        name="rating"
        type="radio"
        value="4"
      />
      <label
        class="reviews__rating-label form__rating-label"
        for="4-stars"
        title="perfect"
      >
        <svg
          class="form__star-image"
          height="33"
          width="37"
        >
          <use
            xlink:href="#icon-star"
          />
        </svg>
      </label>
      <input
        checked=""
        class="form__rating-input visually-hidden"
        disabled=""
        id="3-stars"
        name="rating"
        type="radio"
        value="3"
      />
      <label
        class="reviews__rating-label form__rating-label"
        for="3-stars"
        title="perfect"
      >
        <svg
          class="form__star-image"
          height="33"
          width="37"
        >
          <use
            xlink:href="#icon-star"
          />
        </svg>
      </label>
      <input
        class="form__rating-input visually-hidden"
        disabled=""
        id="2-stars"
        name="rating"
        type="radio"
        value="2"
      />
      <label
        class="reviews__rating-label form__rating-label"
        for="2-stars"
        title="perfect"
      >
        <svg
          class="form__star-image"
          height="33"
          width="37"
        >
          <use
            xlink:href="#icon-star"
          />
        </svg>
      </label>
      <input
        class="form__rating-input visually-hidden"
        disabled=""
        id="1-stars"
        name="rating"
        type="radio"
        value="1"
      />
      <label
        class="reviews__rating-label form__rating-label"
        for="1-stars"
        title="perfect"
      >
        <svg
          class="form__star-image"
          height="33"
          width="37"
        >
          <use
            xlink:href="#icon-star"
          />
        </svg>
      </label>
    </div>
    <textarea
      class="reviews__textarea form__textarea"
      disabled=""
      id="review"
      name="review"
      placeholder="Tell how was your stay, what you like and what can be improved"
    >
      Этот комментарий слишком короткий
    </textarea>
    <div
      class="reviews__button-wrapper"
    >
      <p
        class="reviews__help"
      >
        To submit review please make sure to set
         
        <span
          class="reviews__star"
        >
          rating
        </span>
         
        and describe your stay with at least
         
        <b
          class="reviews__text-amount"
        >
          50 characters
        </b>
        .
      </p>
      <button
        class="reviews__submit form__submit button"
        type="submit"
      >
        Submit
      </button>
    </div>
  </form>
</div>
`;
